---
source: src/handlers/radarr_compat/tests/system.rs
assertion_line: 37
expression: body
---
{
  "version": "6.1.1.10360",
  "buildTime": "2024-01-01T00:00:00Z",
  "isDebug": false,
  "isProduction": true,
  "isAdmin": false,
  "isUserInteractive": false,
  "startupPath": "",
  "appData": "",
  "osName": "linux",
  "osVersion": "",
  "isNetCore": true,
  "isMono": false,
  "isLinux": true,
  "isOsx": false,
  "isWindows": false,
  "isDocker": false,
  "mode": "default",
  "branch": "main",
  "authentication": "none",
  "sqliteVersion": "",
  "migrationVersion": 0,
  "urlBase": "/radarr",
  "runtimeVersion": "",
  "runtimeName": "",
  "startTime": "2024-01-01T00:00:00Z",
  "packageUpdateMechanism": "builtIn",
  "appName": "Ryokan"
}
